Info: Starting: Create block symbol file (.bsf)
Info: qsys-generate C:\Users\Administrator\Desktop\fifo_w134d128_commonclock_sclr_showahead.qsys --block-symbol-file --output-directory=C:\Users\Administrator\Desktop\fifo_w134d128_commonclock_sclr_showahead --family="Arria 10" --part=10AX048H2F34E2SG
Progress: Loading Desktop/fifo_w134d128_commonclock_sclr_showahead.qsys
Progress: Reading input file
Progress: Adding fifo_0 [fifo 19.1]
Progress: Parameterizing module fifo_0
Progress: Building connections
Progress: Parameterizing connections
Progress: Validating
Progress: Done reading input file
: fifo_w134d128_commonclock_sclr_showahead.fifo_0: Targeting device family: Arria 10.
: fifo_w134d128_commonclock_sclr_showahead.fifo_0: Tab: 'DCFIFO 1' is unavailable while using Single-Clock FIFO.
: fifo_w134d128_commonclock_sclr_showahead.fifo_0: Tab: 'DCFIFO 2' is unavailable while using Single-Clock FIFO.
Info: qsys-generate succeeded.
Info: Finished: Create block symbol file (.bsf)
Info: 
Info: Starting: Create HDL design files for synthesis
Info: qsys-generate C:\Users\Administrator\Desktop\fifo_w134d128_commonclock_sclr_showahead.qsys --synthesis=VERILOG --output-directory=C:\Users\Administrator\Desktop\fifo_w134d128_commonclock_sclr_showahead --family="Arria 10" --part=10AX048H2F34E2SG
Progress: Loading Desktop/fifo_w134d128_commonclock_sclr_showahead.qsys
Progress: Reading input file
Progress: Adding fifo_0 [fifo 19.1]
Progress: Parameterizing module fifo_0
Progress: Building connections
Progress: Parameterizing connections
Progress: Validating
Progress: Done reading input file
: fifo_w134d128_commonclock_sclr_showahead.fifo_0: Targeting device family: Arria 10.
: fifo_w134d128_commonclock_sclr_showahead.fifo_0: Tab: 'DCFIFO 1' is unavailable while using Single-Clock FIFO.
: fifo_w134d128_commonclock_sclr_showahead.fifo_0: Tab: 'DCFIFO 2' is unavailable while using Single-Clock FIFO.
Info: fifo_w134d128_commonclock_sclr_showahead: "Transforming system: fifo_w134d128_commonclock_sclr_showahead"
Info: fifo_w134d128_commonclock_sclr_showahead: Running transform generation_view_transform
Info: fifo_w134d128_commonclock_sclr_showahead: Running transform generation_view_transform took 0.000s
Info: fifo_0: Running transform generation_view_transform
Info: fifo_0: Running transform generation_view_transform took 0.000s
Info: fifo_w134d128_commonclock_sclr_showahead: Running transform merlin_avalon_transform
Info: fifo_w134d128_commonclock_sclr_showahead: Running transform merlin_avalon_transform took 0.083s
Info: fifo_w134d128_commonclock_sclr_showahead: "Naming system components in system: fifo_w134d128_commonclock_sclr_showahead"
Info: fifo_w134d128_commonclock_sclr_showahead: "Processing generation queue"
Info: fifo_w134d128_commonclock_sclr_showahead: "Generating: fifo_w134d128_commonclock_sclr_showahead"
Info: fifo_w134d128_commonclock_sclr_showahead: "Generating: fifo_w134d128_commonclock_sclr_showahead_fifo_191_blkwxfa"
Info: fifo_w134d128_commonclock_sclr_showahead: Done "fifo_w134d128_commonclock_sclr_showahead" with 2 modules, 3 files
Info: qsys-generate succeeded.
Info: Finished: Create HDL design files for synthesis
