Info: Starting: Create block symbol file (.bsf)
Info: qsys-generate C:\Users\Administrator\Desktop\ram_sdport_separaterwclock_rdaclr_w8d16.qsys --block-symbol-file --output-directory=C:\Users\Administrator\Desktop\ram_sdport_separaterwclock_rdaclr_w8d16 --family="Arria 10" --part=10AX048H2F34E2SG
Progress: Loading Desktop/ram_sdport_separaterwclock_rdaclr_w8d16.qsys
Progress: Reading input file
Progress: Adding ram_2port_0 [ram_2port 15.0]
Progress: Parameterizing module ram_2port_0
Progress: Building connections
Progress: Parameterizing connections
Progress: Validating
Progress: Done reading input file
: ram_sdport_separaterwclock_rdaclr_w8d16.ram_2port_0: Targeting device family: Arria 10.
: ram_sdport_separaterwclock_rdaclr_w8d16.ram_2port_0: Tab Output1 is unavailable while using 'Dual clock: use separate read and write clocks'.
: ram_sdport_separaterwclock_rdaclr_w8d16.ram_2port_0: Tab Output2 is unavailable while using one read port and one write port.
Info: ip-generate succeeded.
Info: Finished: Create block symbol file (.bsf)
Info: 
Info: Starting: Create HDL design files for synthesis
Info: qsys-generate C:\Users\Administrator\Desktop\ram_sdport_separaterwclock_rdaclr_w8d16.qsys --synthesis=VERILOG --output-directory=C:\Users\Administrator\Desktop\ram_sdport_separaterwclock_rdaclr_w8d16 --family="Arria 10" --part=10AX048H2F34E2SG
Progress: Loading Desktop/ram_sdport_separaterwclock_rdaclr_w8d16.qsys
Progress: Reading input file
Progress: Adding ram_2port_0 [ram_2port 15.0]
Progress: Parameterizing module ram_2port_0
Progress: Building connections
Progress: Parameterizing connections
Progress: Validating
Progress: Done reading input file
: ram_sdport_separaterwclock_rdaclr_w8d16.ram_2port_0: Targeting device family: Arria 10.
: ram_sdport_separaterwclock_rdaclr_w8d16.ram_2port_0: Tab Output1 is unavailable while using 'Dual clock: use separate read and write clocks'.
: ram_sdport_separaterwclock_rdaclr_w8d16.ram_2port_0: Tab Output2 is unavailable while using one read port and one write port.
Info: ram_sdport_separaterwclock_rdaclr_w8d16: "Transforming system: ram_sdport_separaterwclock_rdaclr_w8d16"
Info: ram_sdport_separaterwclock_rdaclr_w8d16: Running transform generation_view_transform
Info: ram_sdport_separaterwclock_rdaclr_w8d16: Running transform generation_view_transform took 0.000s
Info: ram_2port_0: Running transform generation_view_transform
Info: ram_2port_0: Running transform generation_view_transform took 0.000s
Info: ram_sdport_separaterwclock_rdaclr_w8d16: Running transform merlin_avalon_transform
Info: ram_sdport_separaterwclock_rdaclr_w8d16: Running transform merlin_avalon_transform took 0.068s
Info: ram_sdport_separaterwclock_rdaclr_w8d16: "Naming system components in system: ram_sdport_separaterwclock_rdaclr_w8d16"
Info: ram_sdport_separaterwclock_rdaclr_w8d16: "Processing generation queue"
Info: ram_sdport_separaterwclock_rdaclr_w8d16: "Generating: ram_sdport_separaterwclock_rdaclr_w8d16"
Info: ram_sdport_separaterwclock_rdaclr_w8d16: "Generating: ram_sdport_separaterwclock_rdaclr_w8d16_ram_2port_150_e3awfyy"
Info: ram_sdport_separaterwclock_rdaclr_w8d16: Done "ram_sdport_separaterwclock_rdaclr_w8d16" with 2 modules, 3 files
Info: ip-generate succeeded.
Info: Finished: Create HDL design files for synthesis
